Archive member included to satisfy reference by file (symbol)

c:/dev/arm/gcc/bin/../lib/gcc/arm-none-eabi/8.2.1/../../../../arm-none-eabi/lib/thumb/v7e-m+fp/hard\libc_nano.a(lib_a-exit.o)
                              c:/dev/arm/gcc/bin/../lib/gcc/arm-none-eabi/8.2.1/../../../../arm-none-eabi/lib/thumb/v7e-m+fp/hard/crt0.o (exit)
c:/dev/arm/gcc/bin/../lib/gcc/arm-none-eabi/8.2.1/../../../../arm-none-eabi/lib/thumb/v7e-m+fp/hard\libc_nano.a(lib_a-impure.o)
                              c:/dev/arm/gcc/bin/../lib/gcc/arm-none-eabi/8.2.1/../../../../arm-none-eabi/lib/thumb/v7e-m+fp/hard\libc_nano.a(lib_a-exit.o) (_global_impure_ptr)
c:/dev/arm/gcc/bin/../lib/gcc/arm-none-eabi/8.2.1/../../../../arm-none-eabi/lib/thumb/v7e-m+fp/hard\libc_nano.a(lib_a-init.o)
                              c:/dev/arm/gcc/bin/../lib/gcc/arm-none-eabi/8.2.1/../../../../arm-none-eabi/lib/thumb/v7e-m+fp/hard/crt0.o (__libc_init_array)
c:/dev/arm/gcc/bin/../lib/gcc/arm-none-eabi/8.2.1/../../../../arm-none-eabi/lib/thumb/v7e-m+fp/hard\libc_nano.a(lib_a-memset.o)
                              c:/dev/arm/gcc/bin/../lib/gcc/arm-none-eabi/8.2.1/../../../../arm-none-eabi/lib/thumb/v7e-m+fp/hard/crt0.o (memset)
c:/dev/arm/gcc/bin/../lib/gcc/arm-none-eabi/8.2.1/../../../../arm-none-eabi/lib/thumb/v7e-m+fp/hard\libnosys.a(_exit.o)
                              c:/dev/arm/gcc/bin/../lib/gcc/arm-none-eabi/8.2.1/../../../../arm-none-eabi/lib/thumb/v7e-m+fp/hard\libc_nano.a(lib_a-exit.o) (_exit)

Allocating common symbols
Common symbol       size              file

rudder              0xc               build/main.o
elevator            0xc               build/main.o

Discarded input sections

 .text          0x0000000000000000        0x0 c:/dev/arm/gcc/bin/../lib/gcc/arm-none-eabi/8.2.1/thumb/v7e-m+fp/hard/crti.o
 .data          0x0000000000000000        0x0 c:/dev/arm/gcc/bin/../lib/gcc/arm-none-eabi/8.2.1/thumb/v7e-m+fp/hard/crti.o
 .bss           0x0000000000000000        0x0 c:/dev/arm/gcc/bin/../lib/gcc/arm-none-eabi/8.2.1/thumb/v7e-m+fp/hard/crti.o
 .text          0x0000000000000000        0x0 c:/dev/arm/gcc/bin/../lib/gcc/arm-none-eabi/8.2.1/thumb/v7e-m+fp/hard/crtbegin.o
 .data          0x0000000000000000        0x0 c:/dev/arm/gcc/bin/../lib/gcc/arm-none-eabi/8.2.1/thumb/v7e-m+fp/hard/crtbegin.o
 .bss           0x0000000000000000        0x0 c:/dev/arm/gcc/bin/../lib/gcc/arm-none-eabi/8.2.1/thumb/v7e-m+fp/hard/crtbegin.o
 .data.__dso_handle
                0x0000000000000000        0x4 c:/dev/arm/gcc/bin/../lib/gcc/arm-none-eabi/8.2.1/thumb/v7e-m+fp/hard/crtbegin.o
 .text          0x0000000000000000       0x74 c:/dev/arm/gcc/bin/../lib/gcc/arm-none-eabi/8.2.1/../../../../arm-none-eabi/lib/thumb/v7e-m+fp/hard/crt0.o
 .data          0x0000000000000000        0x0 c:/dev/arm/gcc/bin/../lib/gcc/arm-none-eabi/8.2.1/../../../../arm-none-eabi/lib/thumb/v7e-m+fp/hard/crt0.o
 .bss           0x0000000000000000        0x0 c:/dev/arm/gcc/bin/../lib/gcc/arm-none-eabi/8.2.1/../../../../arm-none-eabi/lib/thumb/v7e-m+fp/hard/crt0.o
 .ARM.extab     0x0000000000000000        0x0 c:/dev/arm/gcc/bin/../lib/gcc/arm-none-eabi/8.2.1/../../../../arm-none-eabi/lib/thumb/v7e-m+fp/hard/crt0.o
 .ARM.exidx     0x0000000000000000        0x8 c:/dev/arm/gcc/bin/../lib/gcc/arm-none-eabi/8.2.1/../../../../arm-none-eabi/lib/thumb/v7e-m+fp/hard/crt0.o
 .ARM.attributes
                0x0000000000000000       0x1c c:/dev/arm/gcc/bin/../lib/gcc/arm-none-eabi/8.2.1/../../../../arm-none-eabi/lib/thumb/v7e-m+fp/hard/crt0.o
 .text          0x0000000000000000        0x0 build/main.o
 .data          0x0000000000000000        0x0 build/main.o
 .bss           0x0000000000000000        0x0 build/main.o
 .text.Error_Handler
                0x0000000000000000        0x2 build/main.o
 .text          0x0000000000000000        0x0 build/stm32f3xx_it.o
 .data          0x0000000000000000        0x0 build/stm32f3xx_it.o
 .bss           0x0000000000000000        0x0 build/stm32f3xx_it.o
 .text          0x0000000000000000        0x0 build/stm32f3xx_ll_utils.o
 .data          0x0000000000000000        0x0 build/stm32f3xx_ll_utils.o
 .bss           0x0000000000000000        0x0 build/stm32f3xx_ll_utils.o
 .text.UTILS_SetFlashLatency
                0x0000000000000000       0x48 build/stm32f3xx_ll_utils.o
 .text.UTILS_PLL_IsBusy
                0x0000000000000000       0x18 build/stm32f3xx_ll_utils.o
 .text.UTILS_GetPLLOutputFrequency
                0x0000000000000000       0x24 build/stm32f3xx_ll_utils.o
 .text.LL_mDelay
                0x0000000000000000       0x2c build/stm32f3xx_ll_utils.o
 .text.UTILS_EnablePLLAndSwitchSystem
                0x0000000000000000       0xc0 build/stm32f3xx_ll_utils.o
 .text.LL_PLL_ConfigSystemClock_HSI
                0x0000000000000000       0x60 build/stm32f3xx_ll_utils.o
 .text.LL_PLL_ConfigSystemClock_HSE
                0x0000000000000000       0x84 build/stm32f3xx_ll_utils.o
 .text          0x0000000000000000        0x0 build/stm32f3xx_ll_exti.o
 .data          0x0000000000000000        0x0 build/stm32f3xx_ll_exti.o
 .bss           0x0000000000000000        0x0 build/stm32f3xx_ll_exti.o
 .text.LL_EXTI_DeInit
                0x0000000000000000       0x34 build/stm32f3xx_ll_exti.o
 .text.LL_EXTI_Init
                0x0000000000000000      0x194 build/stm32f3xx_ll_exti.o
 .text.LL_EXTI_StructInit
                0x0000000000000000       0x10 build/stm32f3xx_ll_exti.o
 .debug_info    0x0000000000000000      0x974 build/stm32f3xx_ll_exti.o
 .debug_abbrev  0x0000000000000000      0x21a build/stm32f3xx_ll_exti.o
 .debug_loc     0x0000000000000000      0x50c build/stm32f3xx_ll_exti.o
 .debug_aranges
                0x0000000000000000       0x30 build/stm32f3xx_ll_exti.o
 .debug_ranges  0x0000000000000000       0x20 build/stm32f3xx_ll_exti.o
 .debug_line    0x0000000000000000      0x52e build/stm32f3xx_ll_exti.o
 .debug_str     0x0000000000000000      0x501 build/stm32f3xx_ll_exti.o
 .comment       0x0000000000000000       0x69 build/stm32f3xx_ll_exti.o
 .debug_frame   0x0000000000000000       0x58 build/stm32f3xx_ll_exti.o
 .ARM.attributes
                0x0000000000000000       0x34 build/stm32f3xx_ll_exti.o
 .text          0x0000000000000000        0x0 build/stm32f3xx_ll_gpio.o
 .data          0x0000000000000000        0x0 build/stm32f3xx_ll_gpio.o
 .bss           0x0000000000000000        0x0 build/stm32f3xx_ll_gpio.o
 .text.LL_GPIO_DeInit
                0x0000000000000000       0xbc build/stm32f3xx_ll_gpio.o
 .text.LL_GPIO_StructInit
                0x0000000000000000       0x16 build/stm32f3xx_ll_gpio.o
 .text          0x0000000000000000        0x0 build/stm32f3xx_ll_tim.o
 .data          0x0000000000000000        0x0 build/stm32f3xx_ll_tim.o
 .bss           0x0000000000000000        0x0 build/stm32f3xx_ll_tim.o
 .text.IC1Config
                0x0000000000000000       0x38 build/stm32f3xx_ll_tim.o
 .text.IC2Config
                0x0000000000000000       0x3a build/stm32f3xx_ll_tim.o
 .text.IC3Config
                0x0000000000000000       0x3a build/stm32f3xx_ll_tim.o
 .text.IC4Config
                0x0000000000000000       0x3a build/stm32f3xx_ll_tim.o
 .text.LL_TIM_DeInit
                0x0000000000000000      0x114 build/stm32f3xx_ll_tim.o
 .text.LL_TIM_StructInit
                0x0000000000000000       0x12 build/stm32f3xx_ll_tim.o
 .text.LL_TIM_OC_StructInit
                0x0000000000000000       0x14 build/stm32f3xx_ll_tim.o
 .text.LL_TIM_IC_StructInit
                0x0000000000000000       0x10 build/stm32f3xx_ll_tim.o
 .text.LL_TIM_IC_Init
                0x0000000000000000       0x40 build/stm32f3xx_ll_tim.o
 .text.LL_TIM_ENCODER_StructInit
                0x0000000000000000       0x1c build/stm32f3xx_ll_tim.o
 .text.LL_TIM_ENCODER_Init
                0x0000000000000000       0x62 build/stm32f3xx_ll_tim.o
 .text.LL_TIM_HALLSENSOR_StructInit
                0x0000000000000000        0xc build/stm32f3xx_ll_tim.o
 .text.LL_TIM_HALLSENSOR_Init
                0x0000000000000000       0x5c build/stm32f3xx_ll_tim.o
 .text.LL_TIM_BDTR_StructInit
                0x0000000000000000       0x1a build/stm32f3xx_ll_tim.o
 .text.LL_TIM_BDTR_Init
                0x0000000000000000       0x70 build/stm32f3xx_ll_tim.o
 .text          0x0000000000000000        0x0 build/stm32f3xx_ll_dma.o
 .data          0x0000000000000000        0x0 build/stm32f3xx_ll_dma.o
 .bss           0x0000000000000000        0x0 build/stm32f3xx_ll_dma.o
 .text.LL_DMA_DeInit
                0x0000000000000000       0xf0 build/stm32f3xx_ll_dma.o
 .text.LL_DMA_Init
                0x0000000000000000       0x50 build/stm32f3xx_ll_dma.o
 .text.LL_DMA_StructInit
                0x0000000000000000       0x18 build/stm32f3xx_ll_dma.o
 .rodata.CHANNEL_OFFSET_TAB
                0x0000000000000000        0x7 build/stm32f3xx_ll_dma.o
 .debug_info    0x0000000000000000      0x76a build/stm32f3xx_ll_dma.o
 .debug_abbrev  0x0000000000000000      0x268 build/stm32f3xx_ll_dma.o
 .debug_loc     0x0000000000000000      0x4ae build/stm32f3xx_ll_dma.o
 .debug_aranges
                0x0000000000000000       0x30 build/stm32f3xx_ll_dma.o
 .debug_ranges  0x0000000000000000       0x20 build/stm32f3xx_ll_dma.o
 .debug_line    0x0000000000000000      0x41e build/stm32f3xx_ll_dma.o
 .debug_str     0x0000000000000000      0x4a9 build/stm32f3xx_ll_dma.o
 .comment       0x0000000000000000       0x69 build/stm32f3xx_ll_dma.o
 .debug_frame   0x0000000000000000       0x50 build/stm32f3xx_ll_dma.o
 .ARM.attributes
                0x0000000000000000       0x34 build/stm32f3xx_ll_dma.o
 .text          0x0000000000000000        0x0 build/stm32f3xx_ll_usart.o
 .data          0x0000000000000000        0x0 build/stm32f3xx_ll_usart.o
 .bss           0x0000000000000000        0x0 build/stm32f3xx_ll_usart.o
 .text.LL_USART_DeInit
                0x0000000000000000       0x6c build/stm32f3xx_ll_usart.o
 .text.LL_USART_StructInit
                0x0000000000000000       0x18 build/stm32f3xx_ll_usart.o
 .text.LL_USART_ClockInit
                0x0000000000000000       0x3e build/stm32f3xx_ll_usart.o
 .text.LL_USART_ClockStructInit
                0x0000000000000000        0xc build/stm32f3xx_ll_usart.o
 .text          0x0000000000000000        0x0 build/stm32f3xx_ll_rcc.o
 .data          0x0000000000000000        0x0 build/stm32f3xx_ll_rcc.o
 .bss           0x0000000000000000        0x0 build/stm32f3xx_ll_rcc.o
 .text.LL_RCC_DeInit
                0x0000000000000000       0x74 build/stm32f3xx_ll_rcc.o
 .text.LL_RCC_GetI2CClockFreq
                0x0000000000000000       0x40 build/stm32f3xx_ll_rcc.o
 .text.LL_RCC_GetADCClockFreq
                0x0000000000000000       0x48 build/stm32f3xx_ll_rcc.o
 .text.LL_RCC_GetTIMClockFreq
                0x0000000000000000       0x2c build/stm32f3xx_ll_rcc.o
 .rodata.aADCPrescTable
                0x0000000000000000       0x20 build/stm32f3xx_ll_rcc.o
 .text          0x0000000000000000        0x0 build/system_stm32f3xx.o
 .data          0x0000000000000000        0x0 build/system_stm32f3xx.o
 .bss           0x0000000000000000        0x0 build/system_stm32f3xx.o
 .text.SystemCoreClockUpdate
                0x0000000000000000       0x8c build/system_stm32f3xx.o
 .text          0x0000000000000000       0x14 build/startup_stm32f303x8.o
 .data          0x0000000000000000        0x0 build/startup_stm32f303x8.o
 .bss           0x0000000000000000        0x0 build/startup_stm32f303x8.o
 .text          0x0000000000000000        0x0 c:/dev/arm/gcc/bin/../lib/gcc/arm-none-eabi/8.2.1/../../../../arm-none-eabi/lib/thumb/v7e-m+fp/hard\libc_nano.a(lib_a-exit.o)
 .data          0x0000000000000000        0x0 c:/dev/arm/gcc/bin/../lib/gcc/arm-none-eabi/8.2.1/../../../../arm-none-eabi/lib/thumb/v7e-m+fp/hard\libc_nano.a(lib_a-exit.o)
 .bss           0x0000000000000000        0x0 c:/dev/arm/gcc/bin/../lib/gcc/arm-none-eabi/8.2.1/../../../../arm-none-eabi/lib/thumb/v7e-m+fp/hard\libc_nano.a(lib_a-exit.o)
 .text.exit     0x0000000000000000       0x28 c:/dev/arm/gcc/bin/../lib/gcc/arm-none-eabi/8.2.1/../../../../arm-none-eabi/lib/thumb/v7e-m+fp/hard\libc_nano.a(lib_a-exit.o)
 .debug_frame   0x0000000000000000       0x28 c:/dev/arm/gcc/bin/../lib/gcc/arm-none-eabi/8.2.1/../../../../arm-none-eabi/lib/thumb/v7e-m+fp/hard\libc_nano.a(lib_a-exit.o)
 .ARM.attributes
                0x0000000000000000       0x34 c:/dev/arm/gcc/bin/../lib/gcc/arm-none-eabi/8.2.1/../../../../arm-none-eabi/lib/thumb/v7e-m+fp/hard\libc_nano.a(lib_a-exit.o)
 .text          0x0000000000000000        0x0 c:/dev/arm/gcc/bin/../lib/gcc/arm-none-eabi/8.2.1/../../../../arm-none-eabi/lib/thumb/v7e-m+fp/hard\libc_nano.a(lib_a-impure.o)
 .data          0x0000000000000000        0x0 c:/dev/arm/gcc/bin/../lib/gcc/arm-none-eabi/8.2.1/../../../../arm-none-eabi/lib/thumb/v7e-m+fp/hard\libc_nano.a(lib_a-impure.o)
 .bss           0x0000000000000000        0x0 c:/dev/arm/gcc/bin/../lib/gcc/arm-none-eabi/8.2.1/../../../../arm-none-eabi/lib/thumb/v7e-m+fp/hard\libc_nano.a(lib_a-impure.o)
 .data._impure_ptr
                0x0000000000000000        0x4 c:/dev/arm/gcc/bin/../lib/gcc/arm-none-eabi/8.2.1/../../../../arm-none-eabi/lib/thumb/v7e-m+fp/hard\libc_nano.a(lib_a-impure.o)
 .data.impure_data
                0x0000000000000000       0x60 c:/dev/arm/gcc/bin/../lib/gcc/arm-none-eabi/8.2.1/../../../../arm-none-eabi/lib/thumb/v7e-m+fp/hard\libc_nano.a(lib_a-impure.o)
 .rodata._global_impure_ptr
                0x0000000000000000        0x4 c:/dev/arm/gcc/bin/../lib/gcc/arm-none-eabi/8.2.1/../../../../arm-none-eabi/lib/thumb/v7e-m+fp/hard\libc_nano.a(lib_a-impure.o)
 .ARM.attributes
                0x0000000000000000       0x32 c:/dev/arm/gcc/bin/../lib/gcc/arm-none-eabi/8.2.1/../../../../arm-none-eabi/lib/thumb/v7e-m+fp/hard\libc_nano.a(lib_a-impure.o)
 .text          0x0000000000000000        0x0 c:/dev/arm/gcc/bin/../lib/gcc/arm-none-eabi/8.2.1/../../../../arm-none-eabi/lib/thumb/v7e-m+fp/hard\libc_nano.a(lib_a-init.o)
 .data          0x0000000000000000        0x0 c:/dev/arm/gcc/bin/../lib/gcc/arm-none-eabi/8.2.1/../../../../arm-none-eabi/lib/thumb/v7e-m+fp/hard\libc_nano.a(lib_a-init.o)
 .bss           0x0000000000000000        0x0 c:/dev/arm/gcc/bin/../lib/gcc/arm-none-eabi/8.2.1/../../../../arm-none-eabi/lib/thumb/v7e-m+fp/hard\libc_nano.a(lib_a-init.o)
 .text          0x0000000000000000        0x0 c:/dev/arm/gcc/bin/../lib/gcc/arm-none-eabi/8.2.1/../../../../arm-none-eabi/lib/thumb/v7e-m+fp/hard\libc_nano.a(lib_a-memset.o)
 .data          0x0000000000000000        0x0 c:/dev/arm/gcc/bin/../lib/gcc/arm-none-eabi/8.2.1/../../../../arm-none-eabi/lib/thumb/v7e-m+fp/hard\libc_nano.a(lib_a-memset.o)
 .bss           0x0000000000000000        0x0 c:/dev/arm/gcc/bin/../lib/gcc/arm-none-eabi/8.2.1/../../../../arm-none-eabi/lib/thumb/v7e-m+fp/hard\libc_nano.a(lib_a-memset.o)
 .text          0x0000000000000000        0x0 c:/dev/arm/gcc/bin/../lib/gcc/arm-none-eabi/8.2.1/../../../../arm-none-eabi/lib/thumb/v7e-m+fp/hard\libnosys.a(_exit.o)
 .data          0x0000000000000000        0x0 c:/dev/arm/gcc/bin/../lib/gcc/arm-none-eabi/8.2.1/../../../../arm-none-eabi/lib/thumb/v7e-m+fp/hard\libnosys.a(_exit.o)
 .bss           0x0000000000000000        0x0 c:/dev/arm/gcc/bin/../lib/gcc/arm-none-eabi/8.2.1/../../../../arm-none-eabi/lib/thumb/v7e-m+fp/hard\libnosys.a(_exit.o)
 .text._exit    0x0000000000000000        0x4 c:/dev/arm/gcc/bin/../lib/gcc/arm-none-eabi/8.2.1/../../../../arm-none-eabi/lib/thumb/v7e-m+fp/hard\libnosys.a(_exit.o)
 .debug_frame   0x0000000000000000       0x20 c:/dev/arm/gcc/bin/../lib/gcc/arm-none-eabi/8.2.1/../../../../arm-none-eabi/lib/thumb/v7e-m+fp/hard\libnosys.a(_exit.o)
 .ARM.attributes
                0x0000000000000000       0x34 c:/dev/arm/gcc/bin/../lib/gcc/arm-none-eabi/8.2.1/../../../../arm-none-eabi/lib/thumb/v7e-m+fp/hard\libnosys.a(_exit.o)
 .text          0x0000000000000000        0x0 c:/dev/arm/gcc/bin/../lib/gcc/arm-none-eabi/8.2.1/thumb/v7e-m+fp/hard/crtend.o
 .data          0x0000000000000000        0x0 c:/dev/arm/gcc/bin/../lib/gcc/arm-none-eabi/8.2.1/thumb/v7e-m+fp/hard/crtend.o
 .bss           0x0000000000000000        0x0 c:/dev/arm/gcc/bin/../lib/gcc/arm-none-eabi/8.2.1/thumb/v7e-m+fp/hard/crtend.o
 .eh_frame      0x0000000000000000        0x4 c:/dev/arm/gcc/bin/../lib/gcc/arm-none-eabi/8.2.1/thumb/v7e-m+fp/hard/crtend.o
 .text          0x0000000000000000        0x0 c:/dev/arm/gcc/bin/../lib/gcc/arm-none-eabi/8.2.1/thumb/v7e-m+fp/hard/crtn.o
 .data          0x0000000000000000        0x0 c:/dev/arm/gcc/bin/../lib/gcc/arm-none-eabi/8.2.1/thumb/v7e-m+fp/hard/crtn.o
 .bss           0x0000000000000000        0x0 c:/dev/arm/gcc/bin/../lib/gcc/arm-none-eabi/8.2.1/thumb/v7e-m+fp/hard/crtn.o

Memory Configuration

Name             Origin             Length             Attributes
RAM              0x0000000020000000 0x0000000000003000 xrw
CCMRAM           0x0000000010000000 0x0000000000001000 rw
FLASH            0x0000000008000000 0x0000000000010000 xr
*default*        0x0000000000000000 0xffffffffffffffff

Linker script and memory map

LOAD c:/dev/arm/gcc/bin/../lib/gcc/arm-none-eabi/8.2.1/thumb/v7e-m+fp/hard/crti.o
LOAD c:/dev/arm/gcc/bin/../lib/gcc/arm-none-eabi/8.2.1/thumb/v7e-m+fp/hard/crtbegin.o
LOAD c:/dev/arm/gcc/bin/../lib/gcc/arm-none-eabi/8.2.1/../../../../arm-none-eabi/lib/thumb/v7e-m+fp/hard/crt0.o
LOAD build/main.o
LOAD build/stm32f3xx_it.o
LOAD build/stm32f3xx_ll_utils.o
LOAD build/stm32f3xx_ll_exti.o
LOAD build/stm32f3xx_ll_gpio.o
LOAD build/stm32f3xx_ll_tim.o
LOAD build/stm32f3xx_ll_dma.o
LOAD build/stm32f3xx_ll_usart.o
LOAD build/stm32f3xx_ll_rcc.o
LOAD build/system_stm32f3xx.o
LOAD build/startup_stm32f303x8.o
LOAD c:/dev/arm/gcc/bin/../lib/gcc/arm-none-eabi/8.2.1/../../../../arm-none-eabi/lib/thumb/v7e-m+fp/hard\libc_nano.a
LOAD c:/dev/arm/gcc/bin/../lib/gcc/arm-none-eabi/8.2.1/../../../../arm-none-eabi/lib/thumb/v7e-m+fp/hard\libm.a
LOAD c:/dev/arm/gcc/bin/../lib/gcc/arm-none-eabi/8.2.1/../../../../arm-none-eabi/lib/thumb/v7e-m+fp/hard\libnosys.a
START GROUP
LOAD c:/dev/arm/gcc/bin/../lib/gcc/arm-none-eabi/8.2.1/thumb/v7e-m+fp/hard\libgcc.a
LOAD c:/dev/arm/gcc/bin/../lib/gcc/arm-none-eabi/8.2.1/../../../../arm-none-eabi/lib/thumb/v7e-m+fp/hard\libc_nano.a
END GROUP
START GROUP
LOAD c:/dev/arm/gcc/bin/../lib/gcc/arm-none-eabi/8.2.1/thumb/v7e-m+fp/hard\libgcc.a
LOAD c:/dev/arm/gcc/bin/../lib/gcc/arm-none-eabi/8.2.1/../../../../arm-none-eabi/lib/thumb/v7e-m+fp/hard\libc_nano.a
END GROUP
LOAD c:/dev/arm/gcc/bin/../lib/gcc/arm-none-eabi/8.2.1/thumb/v7e-m+fp/hard/crtend.o
LOAD c:/dev/arm/gcc/bin/../lib/gcc/arm-none-eabi/8.2.1/thumb/v7e-m+fp/hard/crtn.o
                0x0000000020003000                _estack = 0x20003000
                0x0000000000000200                _Min_Heap_Size = 0x200
                0x0000000000000400                _Min_Stack_Size = 0x400

.isr_vector     0x0000000008000000      0x188
                0x0000000008000000                . = ALIGN (0x4)
 *(.isr_vector)
 .isr_vector    0x0000000008000000      0x188 build/startup_stm32f303x8.o
                0x0000000008000000                g_pfnVectors
                0x0000000008000188                . = ALIGN (0x4)

.text           0x0000000008000188      0xe1c
                0x0000000008000188                . = ALIGN (0x4)
 *(.text)
 *(.text*)
 .text.deregister_tm_clones
                0x0000000008000188       0x1c c:/dev/arm/gcc/bin/../lib/gcc/arm-none-eabi/8.2.1/thumb/v7e-m+fp/hard/crtbegin.o
 .text.register_tm_clones
                0x00000000080001a4       0x24 c:/dev/arm/gcc/bin/../lib/gcc/arm-none-eabi/8.2.1/thumb/v7e-m+fp/hard/crtbegin.o
 .text.__do_global_dtors_aux
                0x00000000080001c8       0x28 c:/dev/arm/gcc/bin/../lib/gcc/arm-none-eabi/8.2.1/thumb/v7e-m+fp/hard/crtbegin.o
 .text.frame_dummy
                0x00000000080001f0       0x24 c:/dev/arm/gcc/bin/../lib/gcc/arm-none-eabi/8.2.1/thumb/v7e-m+fp/hard/crtbegin.o
 .text.MX_GPIO_Init
                0x0000000008000214       0x56 build/main.o
 *fill*         0x000000000800026a        0x2 
 .text.MX_TIM3_Init
                0x000000000800026c      0x14c build/main.o
 .text.MX_USART1_UART_Init
                0x00000000080003b8       0xac build/main.o
 .text.tickPlus
                0x0000000008000464       0x10 build/main.o
                0x0000000008000464                tickPlus
 .text.SystemClock_Config
                0x0000000008000474       0xcc build/main.o
                0x0000000008000474                SystemClock_Config
 .text.main     0x0000000008000540      0x1f8 build/main.o
                0x0000000008000540                main
 .text.NMI_Handler
                0x0000000008000738        0x2 build/stm32f3xx_it.o
                0x0000000008000738                NMI_Handler
 .text.HardFault_Handler
                0x000000000800073a        0x2 build/stm32f3xx_it.o
                0x000000000800073a                HardFault_Handler
 .text.MemManage_Handler
                0x000000000800073c        0x2 build/stm32f3xx_it.o
                0x000000000800073c                MemManage_Handler
 .text.BusFault_Handler
                0x000000000800073e        0x2 build/stm32f3xx_it.o
                0x000000000800073e                BusFault_Handler
 .text.UsageFault_Handler
                0x0000000008000740        0x2 build/stm32f3xx_it.o
                0x0000000008000740                UsageFault_Handler
 .text.SVC_Handler
                0x0000000008000742        0x2 build/stm32f3xx_it.o
                0x0000000008000742                SVC_Handler
 .text.DebugMon_Handler
                0x0000000008000744        0x2 build/stm32f3xx_it.o
                0x0000000008000744                DebugMon_Handler
 .text.PendSV_Handler
                0x0000000008000746        0x2 build/stm32f3xx_it.o
                0x0000000008000746                PendSV_Handler
 .text.SysTick_Handler
                0x0000000008000748        0x8 build/stm32f3xx_it.o
                0x0000000008000748                SysTick_Handler
 .text.LL_Init1msTick
                0x0000000008000750       0x20 build/stm32f3xx_ll_utils.o
                0x0000000008000750                LL_Init1msTick
 .text.LL_SetSystemCoreClock
                0x0000000008000770        0xc build/stm32f3xx_ll_utils.o
                0x0000000008000770                LL_SetSystemCoreClock
 .text.LL_GPIO_Init
                0x000000000800077c      0x132 build/stm32f3xx_ll_gpio.o
                0x000000000800077c                LL_GPIO_Init
 *fill*         0x00000000080008ae        0x2 
 .text.OC1Config
                0x00000000080008b0       0x84 build/stm32f3xx_ll_tim.o
 .text.OC2Config
                0x0000000008000934       0x8c build/stm32f3xx_ll_tim.o
 .text.OC3Config
                0x00000000080009c0       0x8c build/stm32f3xx_ll_tim.o
 .text.OC4Config
                0x0000000008000a4c       0x70 build/stm32f3xx_ll_tim.o
 .text.OC5Config
                0x0000000008000abc       0x6c build/stm32f3xx_ll_tim.o
 .text.OC6Config
                0x0000000008000b28       0x70 build/stm32f3xx_ll_tim.o
 .text.LL_TIM_Init
                0x0000000008000b98       0x90 build/stm32f3xx_ll_tim.o
                0x0000000008000b98                LL_TIM_Init
 .text.LL_TIM_OC_Init
                0x0000000008000c28       0x5c build/stm32f3xx_ll_tim.o
                0x0000000008000c28                LL_TIM_OC_Init
 .text.LL_USART_Init
                0x0000000008000c84       0xc8 build/stm32f3xx_ll_usart.o
                0x0000000008000c84                LL_USART_Init
 .text.RCC_GetHCLKClockFreq
                0x0000000008000d4c       0x18 build/stm32f3xx_ll_rcc.o
                0x0000000008000d4c                RCC_GetHCLKClockFreq
 .text.RCC_GetPCLK1ClockFreq
                0x0000000008000d64       0x18 build/stm32f3xx_ll_rcc.o
                0x0000000008000d64                RCC_GetPCLK1ClockFreq
 .text.RCC_GetPCLK2ClockFreq
                0x0000000008000d7c       0x18 build/stm32f3xx_ll_rcc.o
                0x0000000008000d7c                RCC_GetPCLK2ClockFreq
 .text.RCC_PLL_GetFreqDomain_SYS
                0x0000000008000d94       0x48 build/stm32f3xx_ll_rcc.o
                0x0000000008000d94                RCC_PLL_GetFreqDomain_SYS
 .text.RCC_GetSystemClockFreq
                0x0000000008000ddc       0x20 build/stm32f3xx_ll_rcc.o
                0x0000000008000ddc                RCC_GetSystemClockFreq
 .text.LL_RCC_GetSystemClocksFreq
                0x0000000008000dfc       0x20 build/stm32f3xx_ll_rcc.o
                0x0000000008000dfc                LL_RCC_GetSystemClocksFreq
 .text.LL_RCC_GetUSARTClockFreq
                0x0000000008000e1c       0x5c build/stm32f3xx_ll_rcc.o
                0x0000000008000e1c                LL_RCC_GetUSARTClockFreq
 .text.SystemInit
                0x0000000008000e78       0x68 build/system_stm32f3xx.o
                0x0000000008000e78                SystemInit
 .text.Reset_Handler
                0x0000000008000ee0       0x50 build/startup_stm32f303x8.o
                0x0000000008000ee0                Reset_Handler
 .text.Default_Handler
                0x0000000008000f30        0x2 build/startup_stm32f303x8.o
                0x0000000008000f30                RTC_Alarm_IRQHandler
                0x0000000008000f30                TIM1_CC_IRQHandler
                0x0000000008000f30                PVD_IRQHandler
                0x0000000008000f30                TAMP_STAMP_IRQHandler
                0x0000000008000f30                EXTI3_IRQHandler
                0x0000000008000f30                EXTI0_IRQHandler
                0x0000000008000f30                FPU_IRQHandler
                0x0000000008000f30                CAN_TX_IRQHandler
                0x0000000008000f30                TIM1_UP_TIM16_IRQHandler
                0x0000000008000f30                ADC1_2_IRQHandler
                0x0000000008000f30                SPI1_IRQHandler
                0x0000000008000f30                CAN_SCE_IRQHandler
                0x0000000008000f30                DMA1_Channel4_IRQHandler
                0x0000000008000f30                USART3_IRQHandler
                0x0000000008000f30                DMA1_Channel7_IRQHandler
                0x0000000008000f30                TIM7_DAC2_IRQHandler
                0x0000000008000f30                CAN_RX1_IRQHandler
                0x0000000008000f30                I2C1_EV_IRQHandler
                0x0000000008000f30                DMA1_Channel6_IRQHandler
                0x0000000008000f30                TIM3_IRQHandler
                0x0000000008000f30                RCC_IRQHandler
                0x0000000008000f30                DMA1_Channel1_IRQHandler
                0x0000000008000f30                Default_Handler
                0x0000000008000f30                EXTI15_10_IRQHandler
                0x0000000008000f30                COMP2_IRQHandler
                0x0000000008000f30                TIM6_DAC1_IRQHandler
                0x0000000008000f30                EXTI9_5_IRQHandler
                0x0000000008000f30                RTC_WKUP_IRQHandler
                0x0000000008000f30                DMA1_Channel5_IRQHandler
                0x0000000008000f30                EXTI4_IRQHandler
                0x0000000008000f30                TIM1_TRG_COM_TIM17_IRQHandler
                0x0000000008000f30                DMA1_Channel3_IRQHandler
                0x0000000008000f30                WWDG_IRQHandler
                0x0000000008000f30                TIM2_IRQHandler
                0x0000000008000f30                EXTI1_IRQHandler
                0x0000000008000f30                COMP4_6_IRQHandler
                0x0000000008000f30                USART2_IRQHandler
                0x0000000008000f30                DMA1_Channel2_IRQHandler
                0x0000000008000f30                FLASH_IRQHandler
                0x0000000008000f30                USART1_IRQHandler
                0x0000000008000f30                CAN_RX0_IRQHandler
                0x0000000008000f30                I2C1_ER_IRQHandler
                0x0000000008000f30                EXTI2_TSC_IRQHandler
                0x0000000008000f30                TIM1_BRK_TIM15_IRQHandler
 *fill*         0x0000000008000f32        0x2 
 .text.__libc_init_array
                0x0000000008000f34       0x48 c:/dev/arm/gcc/bin/../lib/gcc/arm-none-eabi/8.2.1/../../../../arm-none-eabi/lib/thumb/v7e-m+fp/hard\libc_nano.a(lib_a-init.o)
                0x0000000008000f34                __libc_init_array
 .text.memset   0x0000000008000f7c       0x10 c:/dev/arm/gcc/bin/../lib/gcc/arm-none-eabi/8.2.1/../../../../arm-none-eabi/lib/thumb/v7e-m+fp/hard\libc_nano.a(lib_a-memset.o)
                0x0000000008000f7c                memset
 *(.glue_7)
 .glue_7        0x0000000008000f8c        0x0 linker stubs
 *(.glue_7t)
 .glue_7t       0x0000000008000f8c        0x0 linker stubs
 *(.eh_frame)
 .eh_frame      0x0000000008000f8c        0x0 c:/dev/arm/gcc/bin/../lib/gcc/arm-none-eabi/8.2.1/thumb/v7e-m+fp/hard/crtbegin.o
 *(.init)
 .init          0x0000000008000f8c        0x4 c:/dev/arm/gcc/bin/../lib/gcc/arm-none-eabi/8.2.1/thumb/v7e-m+fp/hard/crti.o
                0x0000000008000f8c                _init
 .init          0x0000000008000f90        0x8 c:/dev/arm/gcc/bin/../lib/gcc/arm-none-eabi/8.2.1/thumb/v7e-m+fp/hard/crtn.o
 *(.fini)
 .fini          0x0000000008000f98        0x4 c:/dev/arm/gcc/bin/../lib/gcc/arm-none-eabi/8.2.1/thumb/v7e-m+fp/hard/crti.o
                0x0000000008000f98                _fini
 .fini          0x0000000008000f9c        0x8 c:/dev/arm/gcc/bin/../lib/gcc/arm-none-eabi/8.2.1/thumb/v7e-m+fp/hard/crtn.o
                0x0000000008000fa4                . = ALIGN (0x4)
                0x0000000008000fa4                _etext = .

.vfp11_veneer   0x0000000008000fa4        0x0
 .vfp11_veneer  0x0000000008000fa4        0x0 linker stubs

.v4_bx          0x0000000008000fa4        0x0
 .v4_bx         0x0000000008000fa4        0x0 linker stubs

.iplt           0x0000000008000fa4        0x0
 .iplt          0x0000000008000fa4        0x0 c:/dev/arm/gcc/bin/../lib/gcc/arm-none-eabi/8.2.1/thumb/v7e-m+fp/hard/crtbegin.o

.rodata         0x0000000008000fa4       0x18
                0x0000000008000fa4                . = ALIGN (0x4)
 *(.rodata)
 *(.rodata*)
 .rodata.AHBPrescTable
                0x0000000008000fa4       0x10 build/system_stm32f3xx.o
                0x0000000008000fa4                AHBPrescTable
 .rodata.APBPrescTable
                0x0000000008000fb4        0x8 build/system_stm32f3xx.o
                0x0000000008000fb4                APBPrescTable
                0x0000000008000fbc                . = ALIGN (0x4)

.rel.dyn        0x0000000008000fbc        0x0
 .rel.iplt      0x0000000008000fbc        0x0 c:/dev/arm/gcc/bin/../lib/gcc/arm-none-eabi/8.2.1/thumb/v7e-m+fp/hard/crtbegin.o

.ARM.extab
 *(.ARM.extab* .gnu.linkonce.armextab.*)

.ARM            0x0000000008000fbc        0x0
                0x0000000008000fbc                __exidx_start = .
 *(.ARM.exidx*)
                0x0000000008000fbc                __exidx_end = .

.preinit_array  0x0000000008000fbc        0x0
                0x0000000008000fbc                PROVIDE (__preinit_array_start = .)
 *(.preinit_array*)
                0x0000000008000fbc                PROVIDE (__preinit_array_end = .)

.init_array     0x0000000008000fbc        0x4
                0x0000000008000fbc                PROVIDE (__init_array_start = .)
 *(SORT_BY_NAME(.init_array.*))
 *(.init_array*)
 .init_array    0x0000000008000fbc        0x4 c:/dev/arm/gcc/bin/../lib/gcc/arm-none-eabi/8.2.1/thumb/v7e-m+fp/hard/crtbegin.o
                0x0000000008000fc0                PROVIDE (__init_array_end = .)

.fini_array     0x0000000008000fc0        0x4
                [!provide]                        PROVIDE (__fini_array_start = .)
 *(SORT_BY_NAME(.fini_array.*))
 *(.fini_array*)
 .fini_array    0x0000000008000fc0        0x4 c:/dev/arm/gcc/bin/../lib/gcc/arm-none-eabi/8.2.1/thumb/v7e-m+fp/hard/crtbegin.o
                [!provide]                        PROVIDE (__fini_array_end = .)
                0x0000000008000fc4                _sidata = LOADADDR (.data)

.data           0x0000000020000000        0x8 load address 0x0000000008000fc4
                0x0000000020000000                . = ALIGN (0x4)
                0x0000000020000000                _sdata = .
 *(.data)
 *(.data*)
 .data.tick     0x0000000020000000        0x4 build/main.o
                0x0000000020000000                tick
 .data.SystemCoreClock
                0x0000000020000004        0x4 build/system_stm32f3xx.o
                0x0000000020000004                SystemCoreClock
                0x0000000020000008                . = ALIGN (0x4)
                0x0000000020000008                _edata = .
                0x0000000008000fcc                _siccmram = LOADADDR (.ccmram)

.tm_clone_table
                0x0000000020000008        0x0 load address 0x0000000008000fcc
 .tm_clone_table
                0x0000000020000008        0x0 c:/dev/arm/gcc/bin/../lib/gcc/arm-none-eabi/8.2.1/thumb/v7e-m+fp/hard/crtbegin.o
 .tm_clone_table
                0x0000000020000008        0x0 c:/dev/arm/gcc/bin/../lib/gcc/arm-none-eabi/8.2.1/thumb/v7e-m+fp/hard/crtend.o

.igot.plt       0x0000000020000008        0x0 load address 0x0000000008000fcc
 .igot.plt      0x0000000020000008        0x0 c:/dev/arm/gcc/bin/../lib/gcc/arm-none-eabi/8.2.1/thumb/v7e-m+fp/hard/crtbegin.o

.ccmram         0x0000000010000000        0x0 load address 0x0000000008000fcc
                0x0000000010000000                . = ALIGN (0x4)
                0x0000000010000000                _sccmram = .
 *(.ccmram)
 *(.ccmram*)
                0x0000000010000000                . = ALIGN (0x4)
                0x0000000010000000                _eccmram = .
                0x0000000010000000                . = ALIGN (0x4)

.bss            0x0000000020000008       0x34
                0x0000000020000008                _sbss = .
                0x0000000020000008                __bss_start__ = _sbss
 *(.bss)
 *(.bss*)
 .bss.completed.8014
                0x0000000020000008        0x1 c:/dev/arm/gcc/bin/../lib/gcc/arm-none-eabi/8.2.1/thumb/v7e-m+fp/hard/crtbegin.o
 *fill*         0x0000000020000009        0x3 
 .bss.object.8019
                0x000000002000000c       0x18 c:/dev/arm/gcc/bin/../lib/gcc/arm-none-eabi/8.2.1/thumb/v7e-m+fp/hard/crtbegin.o
 *(COMMON)
 COMMON         0x0000000020000024       0x18 build/main.o
                0x0000000020000024                rudder
                0x0000000020000030                elevator
                0x000000002000003c                . = ALIGN (0x4)
                0x000000002000003c                _ebss = .
                0x000000002000003c                __bss_end__ = _ebss

._user_heap_stack
                0x000000002000003c      0x604
                0x0000000020000040                . = ALIGN (0x8)
 *fill*         0x000000002000003c        0x4 
                [!provide]                        PROVIDE (end = .)
                [!provide]                        PROVIDE (_end = .)
                0x0000000020000240                . = (. + _Min_Heap_Size)
 *fill*         0x0000000020000040      0x200 
                0x0000000020000640                . = (. + _Min_Stack_Size)
 *fill*         0x0000000020000240      0x400 
                0x0000000020000640                . = ALIGN (0x8)

/DISCARD/
 libc.a(*)
 libm.a(*)
 libgcc.a(*)

.ARM.attributes
                0x0000000000000000       0x30
 *(.ARM.attributes)
 .ARM.attributes
                0x0000000000000000       0x1e c:/dev/arm/gcc/bin/../lib/gcc/arm-none-eabi/8.2.1/thumb/v7e-m+fp/hard/crti.o
 .ARM.attributes
                0x000000000000001e       0x34 c:/dev/arm/gcc/bin/../lib/gcc/arm-none-eabi/8.2.1/thumb/v7e-m+fp/hard/crtbegin.o
 .ARM.attributes
                0x0000000000000052       0x34 build/main.o
 .ARM.attributes
                0x0000000000000086       0x34 build/stm32f3xx_it.o
 .ARM.attributes
                0x00000000000000ba       0x34 build/stm32f3xx_ll_utils.o
 .ARM.attributes
                0x00000000000000ee       0x34 build/stm32f3xx_ll_gpio.o
 .ARM.attributes
                0x0000000000000122       0x34 build/stm32f3xx_ll_tim.o
 .ARM.attributes
                0x0000000000000156       0x34 build/stm32f3xx_ll_usart.o
 .ARM.attributes
                0x000000000000018a       0x34 build/stm32f3xx_ll_rcc.o
 .ARM.attributes
                0x00000000000001be       0x34 build/system_stm32f3xx.o
 .ARM.attributes
                0x00000000000001f2       0x21 build/startup_stm32f303x8.o
 .ARM.attributes
                0x0000000000000213       0x34 c:/dev/arm/gcc/bin/../lib/gcc/arm-none-eabi/8.2.1/../../../../arm-none-eabi/lib/thumb/v7e-m+fp/hard\libc_nano.a(lib_a-init.o)
 .ARM.attributes
                0x0000000000000247       0x34 c:/dev/arm/gcc/bin/../lib/gcc/arm-none-eabi/8.2.1/../../../../arm-none-eabi/lib/thumb/v7e-m+fp/hard\libc_nano.a(lib_a-memset.o)
 .ARM.attributes
                0x000000000000027b       0x32 c:/dev/arm/gcc/bin/../lib/gcc/arm-none-eabi/8.2.1/thumb/v7e-m+fp/hard/crtend.o
 .ARM.attributes
                0x00000000000002ad       0x1e c:/dev/arm/gcc/bin/../lib/gcc/arm-none-eabi/8.2.1/thumb/v7e-m+fp/hard/crtn.o
OUTPUT(build/QX20CTRLPOCV0.elf elf32-littlearm)

.debug_info     0x0000000000000000     0x66b0
 .debug_info    0x0000000000000000     0x1bb1 build/main.o
 .debug_info    0x0000000000001bb1      0x2b4 build/stm32f3xx_it.o
 .debug_info    0x0000000000001e65      0xc02 build/stm32f3xx_ll_utils.o
 .debug_info    0x0000000000002a67      0xbf0 build/stm32f3xx_ll_gpio.o
 .debug_info    0x0000000000003657     0x175e build/stm32f3xx_ll_tim.o
 .debug_info    0x0000000000004db5      0x9d1 build/stm32f3xx_ll_usart.o
 .debug_info    0x0000000000005786      0xa66 build/stm32f3xx_ll_rcc.o
 .debug_info    0x00000000000061ec      0x4a2 build/system_stm32f3xx.o
 .debug_info    0x000000000000668e       0x22 build/startup_stm32f303x8.o

.debug_abbrev   0x0000000000000000     0x1393
 .debug_abbrev  0x0000000000000000      0x324 build/main.o
 .debug_abbrev  0x0000000000000324       0xe7 build/stm32f3xx_it.o
 .debug_abbrev  0x000000000000040b      0x337 build/stm32f3xx_ll_utils.o
 .debug_abbrev  0x0000000000000742      0x281 build/stm32f3xx_ll_gpio.o
 .debug_abbrev  0x00000000000009c3      0x2a4 build/stm32f3xx_ll_tim.o
 .debug_abbrev  0x0000000000000c67      0x306 build/stm32f3xx_ll_usart.o
 .debug_abbrev  0x0000000000000f6d      0x2e6 build/stm32f3xx_ll_rcc.o
 .debug_abbrev  0x0000000000001253      0x12e build/system_stm32f3xx.o
 .debug_abbrev  0x0000000000001381       0x12 build/startup_stm32f303x8.o

.debug_loc      0x0000000000000000     0x40b4
 .debug_loc     0x0000000000000000      0xd8a build/main.o
 .debug_loc     0x0000000000000d8a       0x20 build/stm32f3xx_it.o
 .debug_loc     0x0000000000000daa      0x6b3 build/stm32f3xx_ll_utils.o
 .debug_loc     0x000000000000145d      0x679 build/stm32f3xx_ll_gpio.o
 .debug_loc     0x0000000000001ad6     0x1812 build/stm32f3xx_ll_tim.o
 .debug_loc     0x00000000000032e8      0x670 build/stm32f3xx_ll_usart.o
 .debug_loc     0x0000000000003958      0x639 build/stm32f3xx_ll_rcc.o
 .debug_loc     0x0000000000003f91      0x123 build/system_stm32f3xx.o

.debug_aranges  0x0000000000000000      0x310
 .debug_aranges
                0x0000000000000000       0x50 build/main.o
 .debug_aranges
                0x0000000000000050       0x60 build/stm32f3xx_it.o
 .debug_aranges
                0x00000000000000b0       0x60 build/stm32f3xx_ll_utils.o
 .debug_aranges
                0x0000000000000110       0x30 build/stm32f3xx_ll_gpio.o
 .debug_aranges
                0x0000000000000140       0xd0 build/stm32f3xx_ll_tim.o
 .debug_aranges
                0x0000000000000210       0x40 build/stm32f3xx_ll_usart.o
 .debug_aranges
                0x0000000000000250       0x70 build/stm32f3xx_ll_rcc.o
 .debug_aranges
                0x00000000000002c0       0x28 build/system_stm32f3xx.o
 .debug_aranges
                0x00000000000002e8       0x28 build/startup_stm32f303x8.o

.debug_ranges   0x0000000000000000      0x2a0
 .debug_ranges  0x0000000000000000       0x40 build/main.o
 .debug_ranges  0x0000000000000040       0x50 build/stm32f3xx_it.o
 .debug_ranges  0x0000000000000090       0x50 build/stm32f3xx_ll_utils.o
 .debug_ranges  0x00000000000000e0       0x20 build/stm32f3xx_ll_gpio.o
 .debug_ranges  0x0000000000000100       0xc0 build/stm32f3xx_ll_tim.o
 .debug_ranges  0x00000000000001c0       0x48 build/stm32f3xx_ll_usart.o
 .debug_ranges  0x0000000000000208       0x60 build/stm32f3xx_ll_rcc.o
 .debug_ranges  0x0000000000000268       0x18 build/system_stm32f3xx.o
 .debug_ranges  0x0000000000000280       0x20 build/startup_stm32f303x8.o

.debug_line     0x0000000000000000     0x340d
 .debug_line    0x0000000000000000      0xaac build/main.o
 .debug_line    0x0000000000000aac      0x246 build/stm32f3xx_it.o
 .debug_line    0x0000000000000cf2      0x6a6 build/stm32f3xx_ll_utils.o
 .debug_line    0x0000000000001398      0x57d build/stm32f3xx_ll_gpio.o
 .debug_line    0x0000000000001915      0xcf7 build/stm32f3xx_ll_tim.o
 .debug_line    0x000000000000260c      0x4db build/stm32f3xx_ll_usart.o
 .debug_line    0x0000000000002ae7      0x67c build/stm32f3xx_ll_rcc.o
 .debug_line    0x0000000000003163      0x236 build/system_stm32f3xx.o
 .debug_line    0x0000000000003399       0x74 build/startup_stm32f303x8.o

.debug_str      0x0000000000000000     0x1817
 .debug_str     0x0000000000000000      0x982 build/main.o
                                        0xa5d (size before relaxing)
 .debug_str     0x0000000000000982       0xa3 build/stm32f3xx_it.o
                                        0x300 (size before relaxing)
 .debug_str     0x0000000000000a25      0x280 build/stm32f3xx_ll_utils.o
                                        0x672 (size before relaxing)
 .debug_str     0x0000000000000ca5      0x127 build/stm32f3xx_ll_gpio.o
                                        0x433 (size before relaxing)
 .debug_str     0x0000000000000dcc      0x52b build/stm32f3xx_ll_tim.o
                                        0x970 (size before relaxing)
 .debug_str     0x00000000000012f7      0x20a build/stm32f3xx_ll_usart.o
                                        0x5c0 (size before relaxing)
 .debug_str     0x0000000000001501      0x2a4 build/stm32f3xx_ll_rcc.o
                                        0x685 (size before relaxing)
 .debug_str     0x00000000000017a5       0x4d build/system_stm32f3xx.o
                                        0x2fc (size before relaxing)
 .debug_str     0x00000000000017f2       0x25 build/startup_stm32f303x8.o
                                         0x61 (size before relaxing)

.comment        0x0000000000000000       0x68
 .comment       0x0000000000000000       0x68 build/main.o
                                         0x69 (size before relaxing)
 .comment       0x0000000000000068       0x69 build/stm32f3xx_it.o
 .comment       0x0000000000000068       0x69 build/stm32f3xx_ll_utils.o
 .comment       0x0000000000000068       0x69 build/stm32f3xx_ll_gpio.o
 .comment       0x0000000000000068       0x69 build/stm32f3xx_ll_tim.o
 .comment       0x0000000000000068       0x69 build/stm32f3xx_ll_usart.o
 .comment       0x0000000000000068       0x69 build/stm32f3xx_ll_rcc.o
 .comment       0x0000000000000068       0x69 build/system_stm32f3xx.o

.debug_frame    0x0000000000000000      0x744
 .debug_frame   0x0000000000000000       0xd4 build/main.o
 .debug_frame   0x00000000000000d4       0xac build/stm32f3xx_it.o
 .debug_frame   0x0000000000000180       0xe8 build/stm32f3xx_ll_utils.o
 .debug_frame   0x0000000000000268       0x60 build/stm32f3xx_ll_gpio.o
 .debug_frame   0x00000000000002c8      0x254 build/stm32f3xx_ll_tim.o
 .debug_frame   0x000000000000051c       0x98 build/stm32f3xx_ll_usart.o
 .debug_frame   0x00000000000005b4      0x114 build/stm32f3xx_ll_rcc.o
 .debug_frame   0x00000000000006c8       0x30 build/system_stm32f3xx.o
 .debug_frame   0x00000000000006f8       0x2c c:/dev/arm/gcc/bin/../lib/gcc/arm-none-eabi/8.2.1/../../../../arm-none-eabi/lib/thumb/v7e-m+fp/hard\libc_nano.a(lib_a-init.o)
 .debug_frame   0x0000000000000724       0x20 c:/dev/arm/gcc/bin/../lib/gcc/arm-none-eabi/8.2.1/../../../../arm-none-eabi/lib/thumb/v7e-m+fp/hard\libc_nano.a(lib_a-memset.o)

Cross Reference Table

Symbol                                            File
ADC1_2_IRQHandler                                 build/startup_stm32f303x8.o
AHBPrescTable                                     build/system_stm32f3xx.o
                                                  build/stm32f3xx_ll_rcc.o
                                                  build/stm32f3xx_ll_utils.o
APBPrescTable                                     build/system_stm32f3xx.o
                                                  build/stm32f3xx_ll_rcc.o
BusFault_Handler                                  build/stm32f3xx_it.o
CAN_RX0_IRQHandler                                build/startup_stm32f303x8.o
CAN_RX1_IRQHandler                                build/startup_stm32f303x8.o
CAN_SCE_IRQHandler                                build/startup_stm32f303x8.o
CAN_TX_IRQHandler                                 build/startup_stm32f303x8.o
COMP2_IRQHandler                                  build/startup_stm32f303x8.o
COMP4_6_IRQHandler                                build/startup_stm32f303x8.o
DMA1_Channel1_IRQHandler                          build/startup_stm32f303x8.o
DMA1_Channel2_IRQHandler                          build/startup_stm32f303x8.o
DMA1_Channel3_IRQHandler                          build/startup_stm32f303x8.o
DMA1_Channel4_IRQHandler                          build/startup_stm32f303x8.o
DMA1_Channel5_IRQHandler                          build/startup_stm32f303x8.o
DMA1_Channel6_IRQHandler                          build/startup_stm32f303x8.o
DMA1_Channel7_IRQHandler                          build/startup_stm32f303x8.o
DebugMon_Handler                                  build/stm32f3xx_it.o
Default_Handler                                   build/startup_stm32f303x8.o
EXTI0_IRQHandler                                  build/startup_stm32f303x8.o
EXTI15_10_IRQHandler                              build/startup_stm32f303x8.o
EXTI1_IRQHandler                                  build/startup_stm32f303x8.o
EXTI2_TSC_IRQHandler                              build/startup_stm32f303x8.o
EXTI3_IRQHandler                                  build/startup_stm32f303x8.o
EXTI4_IRQHandler                                  build/startup_stm32f303x8.o
EXTI9_5_IRQHandler                                build/startup_stm32f303x8.o
Error_Handler                                     build/main.o
FLASH_IRQHandler                                  build/startup_stm32f303x8.o
FPU_IRQHandler                                    build/startup_stm32f303x8.o
HardFault_Handler                                 build/stm32f3xx_it.o
I2C1_ER_IRQHandler                                build/startup_stm32f303x8.o
I2C1_EV_IRQHandler                                build/startup_stm32f303x8.o
LL_DMA_DeInit                                     build/stm32f3xx_ll_dma.o
LL_DMA_Init                                       build/stm32f3xx_ll_dma.o
LL_DMA_StructInit                                 build/stm32f3xx_ll_dma.o
LL_EXTI_DeInit                                    build/stm32f3xx_ll_exti.o
LL_EXTI_Init                                      build/stm32f3xx_ll_exti.o
LL_EXTI_StructInit                                build/stm32f3xx_ll_exti.o
LL_GPIO_DeInit                                    build/stm32f3xx_ll_gpio.o
LL_GPIO_Init                                      build/stm32f3xx_ll_gpio.o
                                                  build/main.o
LL_GPIO_StructInit                                build/stm32f3xx_ll_gpio.o
LL_Init1msTick                                    build/stm32f3xx_ll_utils.o
                                                  build/main.o
LL_PLL_ConfigSystemClock_HSE                      build/stm32f3xx_ll_utils.o
LL_PLL_ConfigSystemClock_HSI                      build/stm32f3xx_ll_utils.o
LL_RCC_DeInit                                     build/stm32f3xx_ll_rcc.o
LL_RCC_GetADCClockFreq                            build/stm32f3xx_ll_rcc.o
LL_RCC_GetI2CClockFreq                            build/stm32f3xx_ll_rcc.o
LL_RCC_GetSystemClocksFreq                        build/stm32f3xx_ll_rcc.o
                                                  build/stm32f3xx_ll_usart.o
LL_RCC_GetTIMClockFreq                            build/stm32f3xx_ll_rcc.o
LL_RCC_GetUSARTClockFreq                          build/stm32f3xx_ll_rcc.o
                                                  build/stm32f3xx_ll_usart.o
LL_SetSystemCoreClock                             build/stm32f3xx_ll_utils.o
                                                  build/main.o
LL_TIM_BDTR_Init                                  build/stm32f3xx_ll_tim.o
LL_TIM_BDTR_StructInit                            build/stm32f3xx_ll_tim.o
LL_TIM_DeInit                                     build/stm32f3xx_ll_tim.o
LL_TIM_ENCODER_Init                               build/stm32f3xx_ll_tim.o
LL_TIM_ENCODER_StructInit                         build/stm32f3xx_ll_tim.o
LL_TIM_HALLSENSOR_Init                            build/stm32f3xx_ll_tim.o
LL_TIM_HALLSENSOR_StructInit                      build/stm32f3xx_ll_tim.o
LL_TIM_IC_Init                                    build/stm32f3xx_ll_tim.o
LL_TIM_IC_StructInit                              build/stm32f3xx_ll_tim.o
LL_TIM_Init                                       build/stm32f3xx_ll_tim.o
                                                  build/main.o
LL_TIM_OC_Init                                    build/stm32f3xx_ll_tim.o
                                                  build/main.o
LL_TIM_OC_StructInit                              build/stm32f3xx_ll_tim.o
LL_TIM_StructInit                                 build/stm32f3xx_ll_tim.o
LL_USART_ClockInit                                build/stm32f3xx_ll_usart.o
LL_USART_ClockStructInit                          build/stm32f3xx_ll_usart.o
LL_USART_DeInit                                   build/stm32f3xx_ll_usart.o
LL_USART_Init                                     build/stm32f3xx_ll_usart.o
                                                  build/main.o
LL_USART_StructInit                               build/stm32f3xx_ll_usart.o
LL_mDelay                                         build/stm32f3xx_ll_utils.o
MemManage_Handler                                 build/stm32f3xx_it.o
NMI_Handler                                       build/stm32f3xx_it.o
PVD_IRQHandler                                    build/startup_stm32f303x8.o
PendSV_Handler                                    build/stm32f3xx_it.o
RCC_GetHCLKClockFreq                              build/stm32f3xx_ll_rcc.o
RCC_GetPCLK1ClockFreq                             build/stm32f3xx_ll_rcc.o
RCC_GetPCLK2ClockFreq                             build/stm32f3xx_ll_rcc.o
RCC_GetSystemClockFreq                            build/stm32f3xx_ll_rcc.o
RCC_IRQHandler                                    build/startup_stm32f303x8.o
RCC_PLL_GetFreqDomain_SYS                         build/stm32f3xx_ll_rcc.o
RTC_Alarm_IRQHandler                              build/startup_stm32f303x8.o
RTC_WKUP_IRQHandler                               build/startup_stm32f303x8.o
Reset_Handler                                     build/startup_stm32f303x8.o
SPI1_IRQHandler                                   build/startup_stm32f303x8.o
SVC_Handler                                       build/stm32f3xx_it.o
SysTick_Handler                                   build/stm32f3xx_it.o
SystemClock_Config                                build/main.o
SystemCoreClock                                   build/system_stm32f3xx.o
                                                  build/stm32f3xx_ll_utils.o
SystemCoreClockUpdate                             build/system_stm32f3xx.o
SystemInit                                        build/system_stm32f3xx.o
                                                  build/startup_stm32f303x8.o
TAMP_STAMP_IRQHandler                             build/startup_stm32f303x8.o
TIM1_BRK_TIM15_IRQHandler                         build/startup_stm32f303x8.o
TIM1_CC_IRQHandler                                build/startup_stm32f303x8.o
TIM1_TRG_COM_TIM17_IRQHandler                     build/startup_stm32f303x8.o
TIM1_UP_TIM16_IRQHandler                          build/startup_stm32f303x8.o
TIM2_IRQHandler                                   build/startup_stm32f303x8.o
TIM3_IRQHandler                                   build/startup_stm32f303x8.o
TIM6_DAC1_IRQHandler                              build/startup_stm32f303x8.o
TIM7_DAC2_IRQHandler                              build/startup_stm32f303x8.o
USART1_IRQHandler                                 build/startup_stm32f303x8.o
USART2_IRQHandler                                 build/startup_stm32f303x8.o
USART3_IRQHandler                                 build/startup_stm32f303x8.o
UsageFault_Handler                                build/stm32f3xx_it.o
WWDG_IRQHandler                                   build/startup_stm32f303x8.o
_ITM_deregisterTMCloneTable                       c:/dev/arm/gcc/bin/../lib/gcc/arm-none-eabi/8.2.1/thumb/v7e-m+fp/hard/crtbegin.o
_ITM_registerTMCloneTable                         c:/dev/arm/gcc/bin/../lib/gcc/arm-none-eabi/8.2.1/thumb/v7e-m+fp/hard/crtbegin.o
__TMC_END__                                       c:/dev/arm/gcc/bin/../lib/gcc/arm-none-eabi/8.2.1/thumb/v7e-m+fp/hard/crtend.o
                                                  c:/dev/arm/gcc/bin/../lib/gcc/arm-none-eabi/8.2.1/thumb/v7e-m+fp/hard/crtbegin.o
__bss_end__                                       c:/dev/arm/gcc/bin/../lib/gcc/arm-none-eabi/8.2.1/../../../../arm-none-eabi/lib/thumb/v7e-m+fp/hard/crt0.o
__bss_start__                                     c:/dev/arm/gcc/bin/../lib/gcc/arm-none-eabi/8.2.1/../../../../arm-none-eabi/lib/thumb/v7e-m+fp/hard/crt0.o
__call_exitprocs                                  c:/dev/arm/gcc/bin/../lib/gcc/arm-none-eabi/8.2.1/../../../../arm-none-eabi/lib/thumb/v7e-m+fp/hard\libc_nano.a(lib_a-exit.o)
__deregister_frame_info                           c:/dev/arm/gcc/bin/../lib/gcc/arm-none-eabi/8.2.1/thumb/v7e-m+fp/hard/crtbegin.o
__dso_handle                                      c:/dev/arm/gcc/bin/../lib/gcc/arm-none-eabi/8.2.1/thumb/v7e-m+fp/hard/crtbegin.o
__init_array_end                                  c:/dev/arm/gcc/bin/../lib/gcc/arm-none-eabi/8.2.1/../../../../arm-none-eabi/lib/thumb/v7e-m+fp/hard\libc_nano.a(lib_a-init.o)
__init_array_start                                c:/dev/arm/gcc/bin/../lib/gcc/arm-none-eabi/8.2.1/../../../../arm-none-eabi/lib/thumb/v7e-m+fp/hard\libc_nano.a(lib_a-init.o)
__libc_fini_array                                 c:/dev/arm/gcc/bin/../lib/gcc/arm-none-eabi/8.2.1/../../../../arm-none-eabi/lib/thumb/v7e-m+fp/hard/crt0.o
__libc_init_array                                 c:/dev/arm/gcc/bin/../lib/gcc/arm-none-eabi/8.2.1/../../../../arm-none-eabi/lib/thumb/v7e-m+fp/hard\libc_nano.a(lib_a-init.o)
                                                  build/startup_stm32f303x8.o
                                                  c:/dev/arm/gcc/bin/../lib/gcc/arm-none-eabi/8.2.1/../../../../arm-none-eabi/lib/thumb/v7e-m+fp/hard/crt0.o
__preinit_array_end                               c:/dev/arm/gcc/bin/../lib/gcc/arm-none-eabi/8.2.1/../../../../arm-none-eabi/lib/thumb/v7e-m+fp/hard\libc_nano.a(lib_a-init.o)
__preinit_array_start                             c:/dev/arm/gcc/bin/../lib/gcc/arm-none-eabi/8.2.1/../../../../arm-none-eabi/lib/thumb/v7e-m+fp/hard\libc_nano.a(lib_a-init.o)
__register_frame_info                             c:/dev/arm/gcc/bin/../lib/gcc/arm-none-eabi/8.2.1/thumb/v7e-m+fp/hard/crtbegin.o
__sf_fake_stderr                                  c:/dev/arm/gcc/bin/../lib/gcc/arm-none-eabi/8.2.1/../../../../arm-none-eabi/lib/thumb/v7e-m+fp/hard\libc_nano.a(lib_a-impure.o)
__sf_fake_stdin                                   c:/dev/arm/gcc/bin/../lib/gcc/arm-none-eabi/8.2.1/../../../../arm-none-eabi/lib/thumb/v7e-m+fp/hard\libc_nano.a(lib_a-impure.o)
__sf_fake_stdout                                  c:/dev/arm/gcc/bin/../lib/gcc/arm-none-eabi/8.2.1/../../../../arm-none-eabi/lib/thumb/v7e-m+fp/hard\libc_nano.a(lib_a-impure.o)
__stack                                           c:/dev/arm/gcc/bin/../lib/gcc/arm-none-eabi/8.2.1/../../../../arm-none-eabi/lib/thumb/v7e-m+fp/hard/crt0.o
_ebss                                             build/startup_stm32f303x8.o
_edata                                            build/startup_stm32f303x8.o
_estack                                           build/startup_stm32f303x8.o
_exit                                             c:/dev/arm/gcc/bin/../lib/gcc/arm-none-eabi/8.2.1/../../../../arm-none-eabi/lib/thumb/v7e-m+fp/hard\libnosys.a(_exit.o)
                                                  c:/dev/arm/gcc/bin/../lib/gcc/arm-none-eabi/8.2.1/../../../../arm-none-eabi/lib/thumb/v7e-m+fp/hard\libc_nano.a(lib_a-exit.o)
_fini                                             c:/dev/arm/gcc/bin/../lib/gcc/arm-none-eabi/8.2.1/thumb/v7e-m+fp/hard/crti.o
_global_impure_ptr                                c:/dev/arm/gcc/bin/../lib/gcc/arm-none-eabi/8.2.1/../../../../arm-none-eabi/lib/thumb/v7e-m+fp/hard\libc_nano.a(lib_a-impure.o)
                                                  c:/dev/arm/gcc/bin/../lib/gcc/arm-none-eabi/8.2.1/../../../../arm-none-eabi/lib/thumb/v7e-m+fp/hard\libc_nano.a(lib_a-exit.o)
_impure_ptr                                       c:/dev/arm/gcc/bin/../lib/gcc/arm-none-eabi/8.2.1/../../../../arm-none-eabi/lib/thumb/v7e-m+fp/hard\libc_nano.a(lib_a-impure.o)
_init                                             c:/dev/arm/gcc/bin/../lib/gcc/arm-none-eabi/8.2.1/thumb/v7e-m+fp/hard/crti.o
                                                  c:/dev/arm/gcc/bin/../lib/gcc/arm-none-eabi/8.2.1/../../../../arm-none-eabi/lib/thumb/v7e-m+fp/hard\libc_nano.a(lib_a-init.o)
_mainCRTStartup                                   c:/dev/arm/gcc/bin/../lib/gcc/arm-none-eabi/8.2.1/../../../../arm-none-eabi/lib/thumb/v7e-m+fp/hard/crt0.o
_sbss                                             build/startup_stm32f303x8.o
_sdata                                            build/startup_stm32f303x8.o
_sidata                                           build/startup_stm32f303x8.o
_start                                            c:/dev/arm/gcc/bin/../lib/gcc/arm-none-eabi/8.2.1/../../../../arm-none-eabi/lib/thumb/v7e-m+fp/hard/crt0.o
aADCPrescTable                                    build/stm32f3xx_ll_rcc.o
atexit                                            c:/dev/arm/gcc/bin/../lib/gcc/arm-none-eabi/8.2.1/../../../../arm-none-eabi/lib/thumb/v7e-m+fp/hard/crt0.o
elevator                                          build/main.o
exit                                              c:/dev/arm/gcc/bin/../lib/gcc/arm-none-eabi/8.2.1/../../../../arm-none-eabi/lib/thumb/v7e-m+fp/hard\libc_nano.a(lib_a-exit.o)
                                                  c:/dev/arm/gcc/bin/../lib/gcc/arm-none-eabi/8.2.1/../../../../arm-none-eabi/lib/thumb/v7e-m+fp/hard/crt0.o
g_pfnVectors                                      build/startup_stm32f303x8.o
hardware_init_hook                                c:/dev/arm/gcc/bin/../lib/gcc/arm-none-eabi/8.2.1/../../../../arm-none-eabi/lib/thumb/v7e-m+fp/hard/crt0.o
main                                              build/main.o
                                                  build/startup_stm32f303x8.o
                                                  c:/dev/arm/gcc/bin/../lib/gcc/arm-none-eabi/8.2.1/../../../../arm-none-eabi/lib/thumb/v7e-m+fp/hard/crt0.o
memset                                            c:/dev/arm/gcc/bin/../lib/gcc/arm-none-eabi/8.2.1/../../../../arm-none-eabi/lib/thumb/v7e-m+fp/hard\libc_nano.a(lib_a-memset.o)
                                                  build/main.o
                                                  c:/dev/arm/gcc/bin/../lib/gcc/arm-none-eabi/8.2.1/../../../../arm-none-eabi/lib/thumb/v7e-m+fp/hard/crt0.o
rudder                                            build/main.o
software_init_hook                                c:/dev/arm/gcc/bin/../lib/gcc/arm-none-eabi/8.2.1/../../../../arm-none-eabi/lib/thumb/v7e-m+fp/hard/crt0.o
tick                                              build/main.o
tickPlus                                          build/main.o
                                                  build/stm32f3xx_it.o
