core_cm4.h:1615:26:NVIC_GetPriorityGrouping	4	static
core_cm4.h:1626:22:NVIC_EnableIRQ	16	static
core_cm4.h:1698:22:NVIC_SetPriority	16	static
core_cm4.h:1745:26:NVIC_EncodePriority	40	static
stm32f3xx_ll_i2c.h:620:22:LL_I2C_EnableClockStretching	16	static
stm32f3xx_ll_i2c.h:740:22:LL_I2C_DisableGeneralCall	16	static
stm32f3xx_ll_i2c.h:851:22:LL_I2C_SetOwnAddress2	24	static
stm32f3xx_ll_i2c.h:873:22:LL_I2C_DisableOwnAddress2	16	static
stm32f3xx_ll_i2c.h:1854:22:LL_I2C_EnableAutoEndMode	16	static
stm32f3xx_ll_tim.h:1368:22:LL_TIM_EnableCounter	16	static
stm32f3xx_ll_tim.h:1539:22:LL_TIM_EnableARRPreload	16	static
stm32f3xx_ll_tim.h:2313:22:LL_TIM_OC_DisableFast	24	static
stm32f3xx_ll_tim.h:2385:22:LL_TIM_OC_EnablePreload	24	static
stm32f3xx_ll_tim.h:3301:22:LL_TIM_SetClockSource	16	static
stm32f3xx_ll_tim.h:3347:22:LL_TIM_SetTriggerOutput	16	static
stm32f3xx_ll_tim.h:3447:22:LL_TIM_DisableMasterSlaveMode	16	static
stm32f3xx_ll_tim.h:3741:22:LL_TIM_EnableAllOutputs	16	static
stm32f3xx_ll_usart.h:543:22:LL_USART_Enable	16	static
stm32f3xx_ll_usart.h:2262:22:LL_USART_ConfigAsyncMode	16	static
stm32f3xx_ll_usart.h:3191:22:LL_USART_DisableIT_CTS	16	static
stm32f3xx_ll_gpio.h:924:22:LL_GPIO_ResetOutputPin	16	static
stm32f3xx_ll_bus.h:303:22:LL_AHB1_GRP1_EnableClock	24	static
stm32f3xx_ll_bus.h:553:22:LL_APB1_GRP1_EnableClock	24	static
stm32f3xx_ll_bus.h:867:22:LL_APB2_GRP1_EnableClock	24	static
main.c:69:5:main	8	static
main.c:113:6:SystemClock_Config	96	static
main.c:155:13:MX_I2C1_Init	64	static
main.c:215:13:MX_TIM3_Init	88	static
main.c:294:13:MX_USART1_UART_Init	64	static
main.c:351:13:MX_GPIO_Init	32	static
main.c:385:6:Error_Handler	4	static
