stm32f3xx_it.c:70:6:NMI_Handler	4	static
stm32f3xx_it.c:82:6:HardFault_Handler	4	static
stm32f3xx_it.c:95:6:MemManage_Handler	4	static
stm32f3xx_it.c:108:6:BusFault_Handler	4	static
stm32f3xx_it.c:121:6:UsageFault_Handler	4	static
stm32f3xx_it.c:134:6:SVC_Handler	4	static
stm32f3xx_it.c:146:6:DebugMon_Handler	4	static
stm32f3xx_it.c:158:6:PendSV_Handler	4	static
stm32f3xx_it.c:170:6:SysTick_Handler	8	static
stm32f3xx_it.c:190:6:I2C1_EV_IRQHandler	4	static
stm32f3xx_it.c:203:6:USART1_IRQHandler	4	static
